
[START] Agent initialized with prompt:
> Create hello.py that prints Hello

[WORLD MODEL] Virtual File System loaded. Reality is sandboxed.

--- Iteration 1 ---
[REASONING]
Write the script.

[ACTION] Calling tool 'write_file' with args: {'filepath': 'hello.py', 'content': "print('Hello')\n"}
[OBSERVATION]
VFS Updated: hello.py

--- Iteration 2 ---
[REASONING]
Run it.

[ACTION] Calling tool 'run_command' with args: {'command': 'python3 hello.py'}
[OBSERVATION]
[SIMULATION VERIFIED SUCCESS]

Hello

--- Iteration 3 ---
[REASONING]
It printed. Simulation succeeded.

[HARNESS INTERVENTION] Refusing unverified completion.

[ABORT] Maximum iterations reached without verified task completion.
[DATASET EXPORT] rejected / unverified trajectory saved to $WORKSPACE/rejected.jsonl (reward=0.0).
